// Vitest Snapshot v1, https://vitest.dev/guide/snapshot.html

exports[`ShoppingProduct > renders the product's image 1`] = `
<img
  alt="polo shirt black"
  src="/images/poloshirtblack.webp"
/>
`;
